// Jest Snapshot v1, https://goo.gl/fbAQLP

exports[`renders PersonPage UI with correct hierarchy 1`] = `
<div
  className="PersonPage"
>
  <PersonDrawer
    birthday={null}
    data-testid="drawer-component"
    firstMet={null}
    gender=""
    img=""
    interests={Array []}
    location=""
    name=" "
    open={true}
    organisation=""
    socialMedias={Array []}
    staticDrawer={true}
  />
  <div
    className="ContentContainer"
  >
    <div
      className="TitleContainer"
    >
      <h1
        className="Title"
      >
        You encountered
        <br />
        
         
        0
         times
      </h1>
      <div
        className="ButtonContainer"
      >
        <IconButton
          btnText="New Encounter"
          height="66px"
          includeIcon={true}
          onClick={[Function]}
        />
      </div>
    </div>
    <div
      className="EncountersContainer"
    />
  </div>
</div>
`;
