// Jest Snapshot v1, https://goo.gl/fbAQLP

exports[`renders PersonCard UI with correct hierarchy 1`] = `
<StyledEngineProvider
  injectFirst={true}
>
  <div
    className="PersonCard"
  >
    <div
      className="ContentContainer"
    >
      <ForwardRef(Avatar)
        alt="Mercury Lin"
        style={
          Object {
            "backgroundColor": "",
            "fontSize": "",
            "height": "90px",
            "marginRight": "28px",
            "width": "90px",
          }
        }
      />
      <div
        className="InformationContainer"
      >
        <div
          className="MainInformationContainer"
        >
          <div
            className="IdentityInformation"
          >
            <h2
              data-testid="name-element"
            >
              Mercury Lin
            </h2>
            <p
              data-testid="first-met-element"
            >
              First met once upon a time
            </p>
          </div>
          <ForwardRef(IconButton)
            aria-haspopup="true"
            aria-label="more"
            className="IconButton"
            id="long-button"
            onClick={[Function]}
          >
            <Memo />
          </ForwardRef(IconButton)>
          <ForwardRef(Menu)
            MenuListProps={
              Object {
                "aria-labelledby": "long-button",
                "disablePadding": true,
              }
            }
            PaperProps={
              Object {
                "style": Object {
                  "boxShadow": "none",
                  "maxHeight": 157.5,
                  "outline": "1px solid black",
                  "width": "130px",
                },
              }
            }
            anchorEl={null}
            anchorOrigin={
              Object {
                "horizontal": "center",
                "vertical": "bottom",
              }
            }
            id="long-menu"
            onClose={[Function]}
            open={false}
            transformOrigin={
              Object {
                "horizontal": "right",
                "vertical": "top",
              }
            }
          >
            <ForwardRef(MenuItem)
              divider={true}
              onClick={[MockFunction]}
            >
              Edit
            </ForwardRef(MenuItem)>
            <ForwardRef(MenuItem)
              divider={true}
              onClick={[MockFunction]}
            >
              Delete
            </ForwardRef(MenuItem)>
          </ForwardRef(Menu)>
        </div>
        <div
          className="SupplementaryInformationContainer"
        >
          <p
            className="Encounters"
            data-testid="encounters-element"
          >
            Encounters: 
            0
             times
          </p>
          <p
            className="LastMet"
            data-testid="last-met-element"
          >
            Date last met: 
            never :(
          </p>
          <div
            className="SocialMediaContainer"
          >
            <ForwardRef(AvatarGroup)
              aria-label="social-media-icons"
              data-testid="social-media-icons-element"
              max={2}
              spacing={2}
              sx={
                Object {
                  "& .MuiAvatar-root": Object {
                    "fontSize": 15,
                    "height": 20,
                    "width": 20,
                  },
                }
              }
            />
          </div>
        </div>
      </div>
    </div>
  </div>
</StyledEngineProvider>
`;
