// Jest Snapshot v1, https://goo.gl/fbAQLP

exports[`renders primary input field correctly 1`] = `
<div>
  <label
    className="inputLabelPrimary"
  >
    SELECTOR
    <select
      className="inputFieldPrimary"
      name="InputSelector"
      onChange={[Function]}
      placeholder="SELECTOR TEXT"
      type="text"
    >
      <option
        value="option1"
      >
        option1
      </option>
      <option
        value="option2"
      >
        option2
      </option>
      <option
        value="option3"
      >
        option3
      </option>
    </select>
  </label>
</div>
`;
